2026-03-20 15:30:17,551 - db.connection - INFO - MySQL Connection Pool initialized successfully.
2026-03-20 15:30:17,692 - db.connection - INFO - MySQL tables verified and ready.
2026-03-20 15:30:28,271 - api.routes.predict_routes - INFO - Loading TensorFlow model...
2026-03-20 15:30:31,637 - api.routes.predict_routes - INFO - Model loaded successfully!
2026-03-20 15:30:34,733 - db.connection - INFO - MySQL Connection Pool initialized successfully.
2026-03-20 15:30:34,780 - db.connection - INFO - MySQL tables verified and ready.
2026-03-20 15:30:49,992 - api.routes.predict_routes - INFO - Loading TensorFlow model...
2026-03-20 15:30:54,388 - api.routes.predict_routes - INFO - Model loaded successfully!
2026-03-20 15:30:54,781 - main - INFO - [OK] MySQL Database strictly connected and tables ensured on start.
2026-03-20 15:38:37,562 - db.connection - INFO - MySQL Connection Pool initialized successfully.
2026-03-20 15:38:37,696 - db.connection - INFO - MySQL tables verified and ready.
2026-03-20 15:39:54,621 - db.connection - INFO - MySQL Connection Pool initialized successfully.
2026-03-20 15:39:54,653 - db.connection - INFO - MySQL tables verified and ready.
2026-03-20 15:40:22,504 - api.routes.predict_routes - INFO - Loading TensorFlow model...
2026-03-20 15:40:22,505 - api.routes.predict_routes - INFO - Loading TensorFlow model...
2026-03-20 15:40:26,044 - api.routes.predict_routes - INFO - Model loaded successfully!
2026-03-20 15:40:26,065 - main - INFO - [OK] MySQL Database strictly connected and tables ensured on start.
2026-03-20 15:40:26,067 - main - INFO - [OK] MySQL Database strictly connected and tables ensured on start.
2026-03-25 10:49:31,966 - db.connection - INFO - MySQL Connection Pool initialized successfully.
2026-03-25 10:49:32,180 - db.connection - INFO - MySQL tables verified and ready.
2026-03-25 10:49:45,435 - api.routes.predict_routes - INFO - Loading TensorFlow model...
2026-03-25 10:49:49,102 - api.routes.predict_routes - INFO - Model loaded successfully!
2026-03-25 10:49:53,549 - db.connection - INFO - MySQL Connection Pool initialized successfully.
2026-03-25 10:49:54,467 - db.connection - INFO - MySQL tables verified and ready.
2026-03-25 10:50:01,558 - api.routes.predict_routes - INFO - Loading TensorFlow model...
2026-03-25 10:50:04,948 - api.routes.predict_routes - INFO - Model loaded successfully!
2026-03-25 10:50:05,124 - main - INFO - [OK] MySQL Database strictly connected and tables ensured on start.
2026-03-25 10:50:10,616 - core.security - WARNING - JWT token has expired.
2026-03-25 11:04:49,627 - db.connection - INFO - MySQL Connection Pool initialized successfully.
2026-03-25 11:04:49,795 - db.connection - INFO - MySQL tables verified and ready.
2026-03-25 11:04:59,190 - api.routes.predict_routes - INFO - Loading TensorFlow model...
2026-03-25 11:05:03,038 - api.routes.predict_routes - INFO - Model loaded successfully!
2026-03-25 11:05:05,630 - db.connection - INFO - MySQL Connection Pool initialized successfully.
2026-03-25 11:05:05,728 - db.connection - INFO - MySQL tables verified and ready.
2026-03-25 11:05:12,901 - api.routes.predict_routes - INFO - Loading TensorFlow model...
2026-03-25 11:05:16,410 - api.routes.predict_routes - INFO - Model loaded successfully!
2026-03-25 11:05:16,546 - main - INFO - [OK] MySQL Database strictly connected and tables ensured on start.
2026-03-25 11:11:32,413 - db.connection - INFO - MySQL Connection Pool initialized successfully.
2026-03-25 11:11:32,450 - db.connection - INFO - MySQL tables verified and ready.
2026-03-25 11:11:46,866 - api.routes.predict_routes - INFO - Loading TensorFlow model...
2026-03-25 11:11:53,112 - api.routes.predict_routes - INFO - Model loaded successfully!
2026-03-25 11:11:53,330 - main - INFO - [OK] MySQL Database strictly connected and tables ensured on start.
2026-03-25 11:12:32,082 - db.connection - INFO - MySQL Connection Pool initialized successfully.
2026-03-25 11:12:32,113 - db.connection - INFO - MySQL tables verified and ready.
2026-03-25 11:12:45,680 - db.connection - INFO - MySQL Connection Pool initialized successfully.
2026-03-25 11:12:45,693 - db.connection - INFO - MySQL tables verified and ready.
2026-03-25 11:13:20,965 - db.connection - INFO - MySQL Connection Pool initialized successfully.
2026-03-25 11:13:20,996 - db.connection - INFO - MySQL tables verified and ready.
2026-03-25 11:13:42,145 - api.routes.predict_routes - INFO - Loading TensorFlow model...
2026-03-25 11:13:42,145 - api.routes.predict_routes - INFO - Loading TensorFlow model...
2026-03-25 11:13:45,636 - api.routes.predict_routes - INFO - Model loaded successfully!
2026-03-25 11:13:45,652 - main - INFO - [OK] MySQL Database strictly connected and tables ensured on start.
2026-03-25 11:13:47,548 - api.routes.predict_routes - INFO - Model loaded successfully!
2026-03-25 11:13:47,583 - main - INFO - [OK] MySQL Database strictly connected and tables ensured on start.
2026-03-25 11:13:56,444 - db.connection - INFO - MySQL Connection Pool initialized successfully.
2026-03-25 11:13:56,479 - db.connection - INFO - MySQL tables verified and ready.
2026-03-25 11:14:03,966 - api.routes.predict_routes - INFO - Loading TensorFlow model...
2026-03-25 11:14:09,066 - api.routes.predict_routes - INFO - Model loaded successfully!
2026-03-25 11:14:09,101 - main - INFO - [OK] MySQL Database strictly connected and tables ensured on start.
2026-03-25 11:14:15,348 - db.connection - INFO - MySQL Connection Pool initialized successfully.
2026-03-25 11:14:15,392 - db.connection - INFO - MySQL tables verified and ready.
2026-03-25 11:14:21,017 - api.routes.predict_routes - INFO - Loading TensorFlow model...
2026-03-25 11:14:26,592 - api.routes.predict_routes - INFO - Model loaded successfully!
2026-03-25 11:14:26,616 - main - INFO - [OK] MySQL Database strictly connected and tables ensured on start.
2026-03-25 11:19:45,148 - db.connection - INFO - MySQL Connection Pool initialized successfully.
2026-03-25 11:19:45,191 - db.connection - INFO - MySQL tables verified and ready.
2026-03-25 11:19:55,568 - api.routes.predict_routes - INFO - Loading TensorFlow model...
2026-03-25 11:20:01,647 - api.routes.predict_routes - INFO - Model loaded successfully!
2026-03-25 11:20:01,667 - main - INFO - [OK] MySQL Database strictly connected and tables ensured on start.
2026-03-25 11:24:46,970 - db.connection - INFO - MySQL Connection Pool initialized successfully.
2026-03-25 11:24:46,997 - db.connection - INFO - MySQL tables verified and ready.
2026-03-25 11:24:57,644 - db.connection - INFO - MySQL Connection Pool initialized successfully.
2026-03-25 11:24:57,670 - db.connection - INFO - MySQL tables verified and ready.
2026-03-25 11:25:02,800 - api.routes.predict_routes - INFO - Loading TensorFlow model...
2026-03-25 11:25:05,873 - api.routes.predict_routes - INFO - Model loaded successfully!
2026-03-25 11:25:05,887 - main - INFO - [OK] MySQL Database strictly connected and tables ensured on start.
2026-03-25 11:26:24,005 - db.connection - INFO - MySQL Connection Pool initialized successfully.
2026-03-25 11:26:24,025 - db.connection - INFO - MySQL tables verified and ready.
2026-03-25 11:26:28,125 - api.routes.predict_routes - INFO - Loading TensorFlow model...
2026-03-25 11:26:31,178 - api.routes.predict_routes - INFO - Model loaded successfully!
2026-03-25 11:26:31,196 - main - INFO - [OK] MySQL Database strictly connected and tables ensured on start.
2026-03-25 11:29:04,763 - db.connection - INFO - MySQL Connection Pool initialized successfully.
2026-03-25 11:29:04,825 - db.connection - INFO - MySQL tables verified and ready.
2026-03-25 11:29:15,733 - api.routes.predict_routes - INFO - Loading TensorFlow model...
2026-03-25 11:29:19,075 - api.routes.predict_routes - INFO - Model loaded successfully!
2026-03-25 11:29:19,100 - main - INFO - [OK] MySQL Database strictly connected and tables ensured on start.
2026-03-25 11:33:28,562 - db.connection - INFO - MySQL Connection Pool initialized successfully.
2026-03-25 11:33:28,588 - db.connection - INFO - MySQL tables verified and ready.
2026-03-25 11:33:36,731 - api.routes.predict_routes - INFO - Loading TensorFlow model...
2026-03-25 11:33:42,367 - api.routes.predict_routes - INFO - Model loaded successfully!
2026-03-25 11:33:42,406 - main - INFO - [OK] MySQL Database strictly connected and tables ensured on start.
2026-03-25 12:04:12,404 - db.connection - INFO - MySQL Connection Pool initialized successfully.
2026-03-25 12:04:12,447 - db.connection - INFO - MySQL tables verified and ready.
2026-03-25 12:04:18,686 - api.routes.predict_routes - INFO - Loading TensorFlow model...
2026-03-25 12:04:22,198 - api.routes.predict_routes - INFO - Model loaded successfully!
2026-03-25 12:04:22,213 - main - INFO - [OK] MySQL Database strictly connected and tables ensured on start.
2026-03-25 12:17:07,375 - db.connection - INFO - MySQL Connection Pool initialized successfully.
2026-03-25 12:17:07,449 - db.connection - INFO - MySQL tables verified and ready.
2026-03-25 12:17:12,141 - api.routes.predict_routes - INFO - Loading TensorFlow model...
2026-03-25 12:17:14,920 - api.routes.predict_routes - INFO - Model loaded successfully!
2026-03-25 12:17:14,931 - main - INFO - [OK] MySQL Database strictly connected and tables ensured on start.
2026-03-25 12:28:56,517 - db.connection - INFO - MySQL Connection Pool initialized successfully.
2026-03-25 12:28:56,556 - db.connection - INFO - MySQL tables verified and ready.
2026-03-25 12:30:24,575 - db.connection - INFO - MySQL Connection Pool initialized successfully.
2026-03-25 12:30:24,607 - db.connection - INFO - MySQL tables verified and ready.
2026-03-25 13:05:19,865 - db.connection - INFO - MySQL Connection Pool initialized successfully.
2026-03-25 13:05:19,929 - db.connection - INFO - MySQL tables verified and ready.
2026-03-25 14:15:09,217 - db.connection - INFO - MySQL Connection Pool initialized successfully.
2026-03-25 14:15:09,313 - db.connection - INFO - MySQL tables verified and ready.
2026-03-25 14:15:20,325 - api.routes.predict_routes - INFO - Loading TensorFlow model...
2026-03-25 14:15:23,567 - api.routes.predict_routes - INFO - Model loaded successfully!
2026-03-25 14:15:25,938 - db.connection - INFO - MySQL Connection Pool initialized successfully.
2026-03-25 14:15:25,976 - db.connection - INFO - MySQL tables verified and ready.
2026-03-25 14:15:31,725 - api.routes.predict_routes - INFO - Loading TensorFlow model...
2026-03-25 14:15:34,741 - api.routes.predict_routes - INFO - Model loaded successfully!
2026-03-25 14:15:34,910 - main - INFO - [OK] MySQL Database strictly connected and tables ensured on start.
2026-03-25 14:21:10,680 - db.connection - INFO - MySQL Connection Pool initialized successfully.
2026-03-25 14:21:10,727 - db.connection - INFO - MySQL tables verified and ready.
2026-03-25 14:21:32,205 - api.routes.predict_routes - INFO - Loading TensorFlow model...
2026-03-25 14:21:41,576 - api.routes.predict_routes - INFO - Model loaded successfully!
2026-03-25 14:21:42,263 - main - INFO - [OK] MySQL Database strictly connected and tables ensured on start.
2026-03-25 14:23:11,811 - db.connection - INFO - MySQL Connection Pool initialized successfully.
2026-03-25 14:23:11,838 - db.connection - INFO - MySQL tables verified and ready.
2026-03-25 14:24:44,122 - api.routes.predict_routes - INFO - Loading TensorFlow model...
2026-03-25 14:24:53,663 - api.routes.predict_routes - INFO - Model loaded successfully!
2026-03-25 14:24:53,713 - main - INFO - [OK] MySQL Database strictly connected and tables ensured on start.
2026-03-25 14:25:15,502 - db.connection - INFO - MySQL Connection Pool initialized successfully.
2026-03-25 14:25:15,543 - db.connection - INFO - MySQL tables verified and ready.
2026-03-25 14:25:36,561 - api.routes.predict_routes - INFO - Loading TensorFlow model...
2026-03-25 14:25:45,565 - api.routes.predict_routes - INFO - Model loaded successfully!
2026-03-25 14:25:46,000 - main - INFO - [OK] MySQL Database strictly connected and tables ensured on start.
2026-03-25 14:41:01,703 - db.connection - INFO - MySQL Connection Pool initialized successfully.
2026-03-25 14:41:01,768 - db.connection - INFO - MySQL tables verified and ready.
2026-03-25 14:41:23,832 - api.routes.predict_routes - INFO - Loading TensorFlow model...
2026-03-25 14:41:33,098 - api.routes.predict_routes - INFO - Model loaded successfully!
2026-03-25 14:41:33,475 - main - INFO - [OK] MySQL Database strictly connected and tables ensured on start.
2026-03-25 14:42:16,659 - db.connection - INFO - MySQL Connection Pool initialized successfully.
2026-03-25 14:42:16,697 - db.connection - INFO - MySQL tables verified and ready.
2026-03-25 14:42:23,163 - api.routes.predict_routes - INFO - Loading TensorFlow model...
2026-03-25 14:42:26,750 - api.routes.predict_routes - INFO - Model loaded successfully!
2026-03-25 14:42:26,767 - main - INFO - [OK] MySQL Database strictly connected and tables ensured on start.
2026-03-25 15:11:21,383 - db.connection - INFO - MySQL Connection Pool initialized successfully.
2026-03-25 15:11:21,503 - db.connection - INFO - MySQL tables verified and ready.
2026-03-25 15:11:49,475 - api.routes.predict_routes - INFO - Loading TensorFlow model...
2026-03-25 15:12:01,443 - api.routes.predict_routes - INFO - Model loaded successfully!
2026-03-25 15:12:53,488 - db.connection - INFO - MySQL Connection Pool initialized successfully.
2026-03-25 15:12:53,525 - db.connection - INFO - MySQL tables verified and ready.
2026-03-25 15:13:00,911 - api.routes.predict_routes - INFO - Loading TensorFlow model...
2026-03-25 15:13:04,191 - api.routes.predict_routes - INFO - Model loaded successfully!
2026-03-25 15:19:53,325 - db.connection - INFO - MySQL Connection Pool initialized successfully.
2026-03-25 15:19:53,384 - db.connection - INFO - MySQL tables verified and ready.
2026-03-25 15:20:20,824 - api.routes.predict_routes - INFO - Loading TensorFlow model...
2026-03-25 15:20:32,129 - api.routes.predict_routes - INFO - Model loaded successfully!
2026-03-25 15:24:45,371 - db.connection - INFO - MySQL Connection Pool initialized successfully.
2026-03-25 15:24:45,452 - db.connection - INFO - MySQL tables verified and ready.
2026-03-25 15:25:01,217 - db.connection - INFO - MySQL Connection Pool initialized successfully.
2026-03-25 15:25:01,248 - db.connection - INFO - MySQL tables verified and ready.
2026-03-25 15:25:01,261 - api.routes.predict_routes - INFO - Loading TensorFlow model...
2026-03-25 15:25:09,290 - api.routes.predict_routes - INFO - Loading TensorFlow model...
2026-03-25 15:25:10,967 - api.routes.predict_routes - INFO - Model loaded successfully!
2026-03-25 15:25:12,870 - api.routes.predict_routes - INFO - Model loaded successfully!
2026-03-25 15:25:16,288 - main - INFO - [OK] MySQL Database strictly connected and tables ensured on start.
2026-03-25 15:45:55,225 - db.connection - INFO - MySQL Connection Pool initialized successfully.
2026-03-25 15:45:55,260 - db.connection - INFO - MySQL tables verified and ready.
2026-03-25 15:45:59,838 - api.routes.predict_routes - INFO - Loading TensorFlow model...
2026-03-25 15:46:02,844 - api.routes.predict_routes - INFO - Model loaded successfully!
2026-03-25 15:46:02,997 - main - INFO - [OK] MySQL Database strictly connected and tables ensured on start.
2026-03-25 15:46:24,026 - db.connection - INFO - MySQL Connection Pool initialized successfully.
2026-03-25 15:46:24,052 - db.connection - INFO - MySQL tables verified and ready.
2026-03-25 15:46:27,621 - api.routes.predict_routes - INFO - Loading TensorFlow model...
2026-03-25 15:46:30,497 - api.routes.predict_routes - INFO - Model loaded successfully!
2026-03-25 15:46:30,596 - main - INFO - [OK] MySQL Database strictly connected and tables ensured on start.
2026-03-25 15:49:23,606 - db.connection - INFO - MySQL Connection Pool initialized successfully.
2026-03-25 15:49:23,644 - db.connection - INFO - MySQL tables verified and ready.
2026-03-25 15:49:28,753 - api.routes.predict_routes - INFO - Loading TensorFlow model...
2026-03-25 15:49:32,421 - api.routes.predict_routes - INFO - Model loaded successfully!
2026-03-25 15:49:32,661 - main - INFO - [OK] MySQL Database strictly connected and tables ensured on start.
2026-03-25 15:56:17,750 - db.connection - INFO - MySQL Connection Pool initialized successfully.
2026-03-25 15:56:17,789 - db.connection - INFO - MySQL tables verified and ready.
2026-03-25 15:56:31,144 - api.routes.predict_routes - INFO - Loading TensorFlow model...
2026-03-25 15:56:39,056 - api.routes.predict_routes - INFO - Model loaded successfully!
2026-03-25 15:56:39,557 - main - INFO - [OK] MySQL Database strictly connected and tables ensured on start.
2026-03-25 15:57:40,525 - db.connection - INFO - MySQL Connection Pool initialized successfully.
2026-03-25 15:57:40,560 - db.connection - INFO - MySQL tables verified and ready.
2026-03-25 15:57:51,918 - api.routes.predict_routes - INFO - Loading TensorFlow model...
2026-03-25 15:58:01,613 - api.routes.predict_routes - INFO - Model loaded successfully!
2026-03-25 15:58:02,197 - main - INFO - [OK] MySQL Database strictly connected and tables ensured on start.
2026-03-25 16:37:59,481 - db.connection - INFO - MySQL Connection Pool initialized successfully.
2026-03-25 16:37:59,560 - db.connection - INFO - MySQL tables verified and ready.
2026-03-25 16:38:13,554 - api.routes.predict_routes - INFO - Loading TensorFlow model...
2026-03-25 16:38:13,566 - api.routes.predict_routes - WARNING - TensorFlow model could not be loaded: [Errno 2] Unable to synchronously open file (unable to open file: name = 'C:\Users\KC\Downloads\Skin Disease UI\backend\skin_disease_efficientnetV2_final.h5', errno = 2, error message = 'No such file or directory', flags = 0, o_flags = 0)
2026-03-25 16:38:13,983 - main - INFO - [OK] MySQL Database strictly connected and tables ensured on start.
2026-03-26 11:44:07,726 - db.connection - INFO - MySQL Connection Pool initialized successfully.
2026-03-26 11:44:07,909 - db.connection - INFO - MySQL tables verified and ready.
2026-03-26 11:44:24,257 - api.routes.predict_routes - INFO - Loading TensorFlow model...
2026-03-26 11:44:24,266 - api.routes.predict_routes - WARNING - TensorFlow model could not be loaded: [Errno 2] Unable to synchronously open file (unable to open file: name = 'C:\Users\KC\Downloads\Skin Disease UI\backend\skin_disease_efficientnetV2_final.h5', errno = 2, error message = 'No such file or directory', flags = 0, o_flags = 0)
2026-03-26 11:44:38,213 - db.connection - INFO - MySQL Connection Pool initialized successfully.
2026-03-26 11:44:38,246 - db.connection - INFO - MySQL tables verified and ready.
2026-03-26 11:44:46,371 - api.routes.predict_routes - INFO - Loading TensorFlow model...
2026-03-26 11:44:46,373 - api.routes.predict_routes - WARNING - TensorFlow model could not be loaded: [Errno 2] Unable to synchronously open file (unable to open file: name = 'C:\Users\KC\Downloads\Skin Disease UI\backend\skin_disease_efficientnetV2_final.h5', errno = 2, error message = 'No such file or directory', flags = 0, o_flags = 0)
2026-03-26 11:51:30,954 - db.connection - INFO - MySQL Connection Pool initialized successfully.
2026-03-26 11:51:30,990 - db.connection - INFO - MySQL tables verified and ready.
2026-03-26 11:51:40,842 - api.routes.predict_routes - INFO - Loading TensorFlow model...
2026-03-26 11:51:40,847 - api.routes.predict_routes - WARNING - TensorFlow model could not be loaded: [Errno 2] Unable to synchronously open file (unable to open file: name = 'C:\Users\KC\Downloads\Skin Disease UI\backend\skin_disease_efficientnetV2_final.h5', errno = 2, error message = 'No such file or directory', flags = 0, o_flags = 0)
2026-03-26 11:54:31,499 - db.connection - INFO - MySQL Connection Pool initialized successfully.
2026-03-26 11:54:31,566 - db.connection - INFO - MySQL tables verified and ready.
2026-03-26 11:54:43,448 - api.routes.predict_routes - INFO - Loading TensorFlow model...
2026-03-26 11:54:46,754 - api.routes.predict_routes - INFO - Model loaded successfully!
2026-03-26 11:55:21,103 - db.connection - INFO - MySQL Connection Pool initialized successfully.
2026-03-26 11:55:21,163 - db.connection - INFO - MySQL tables verified and ready.
2026-03-26 11:55:28,198 - api.routes.predict_routes - INFO - Loading TensorFlow model...
2026-03-26 11:55:31,395 - api.routes.predict_routes - INFO - Model loaded successfully!
2026-03-26 11:55:48,231 - db.connection - INFO - MySQL Connection Pool initialized successfully.
2026-03-26 11:55:48,281 - db.connection - INFO - MySQL tables verified and ready.
2026-03-26 11:55:55,115 - api.routes.predict_routes - INFO - Loading TensorFlow model...
2026-03-26 11:55:58,758 - api.routes.predict_routes - INFO - Model loaded successfully!
2026-03-26 11:56:01,921 - db.connection - INFO - MySQL Connection Pool initialized successfully.
2026-03-26 11:56:01,949 - db.connection - INFO - MySQL tables verified and ready.
2026-03-26 11:56:08,859 - api.routes.predict_routes - INFO - Loading TensorFlow model...
2026-03-26 11:56:12,581 - api.routes.predict_routes - INFO - Model loaded successfully!
2026-03-26 11:56:12,876 - main - INFO - [OK] MySQL Database strictly connected and tables ensured on start.
2026-03-26 12:00:32,859 - db.connection - INFO - MySQL Connection Pool initialized successfully.
2026-03-26 12:00:32,887 - db.connection - INFO - MySQL tables verified and ready.
2026-03-26 12:00:46,872 - api.routes.predict_routes - INFO - Loading TensorFlow model...
2026-03-26 12:00:53,602 - api.routes.predict_routes - INFO - Model loaded successfully!
2026-03-26 12:00:54,204 - main - INFO - [OK] MySQL Database strictly connected and tables ensured on start.
2026-03-26 12:06:11,628 - db.connection - INFO - MySQL Connection Pool initialized successfully.
2026-03-26 12:06:11,656 - db.connection - INFO - MySQL tables verified and ready.
2026-03-26 12:06:25,148 - api.routes.predict_routes - INFO - Loading TensorFlow model...
2026-03-26 12:06:31,108 - api.routes.predict_routes - INFO - Model loaded successfully!
2026-03-26 12:06:31,645 - main - INFO - [OK] MySQL Database strictly connected and tables ensured on start.
2026-03-26 12:07:47,873 - db.connection - INFO - MySQL Connection Pool initialized successfully.
2026-03-26 12:07:47,909 - db.connection - INFO - MySQL tables verified and ready.
2026-03-26 12:08:00,773 - db.connection - INFO - MySQL Connection Pool initialized successfully.
2026-03-26 12:08:00,808 - db.connection - INFO - MySQL tables verified and ready.
2026-03-26 12:08:07,083 - api.routes.predict_routes - INFO - Loading TensorFlow model...
2026-03-26 12:08:09,925 - api.routes.predict_routes - INFO - Model loaded successfully!
2026-03-26 12:08:12,795 - db.connection - INFO - MySQL Connection Pool initialized successfully.
2026-03-26 12:08:12,866 - db.connection - INFO - MySQL tables verified and ready.
2026-03-26 12:08:19,254 - api.routes.predict_routes - INFO - Loading TensorFlow model...
2026-03-26 12:08:22,137 - api.routes.predict_routes - INFO - Model loaded successfully!
2026-03-26 12:08:22,394 - main - INFO - [OK] MySQL Database strictly connected and tables ensured on start.
2026-03-26 12:18:13,634 - db.connection - INFO - MySQL Connection Pool initialized successfully.
2026-03-26 12:18:13,676 - db.connection - INFO - MySQL tables verified and ready.
2026-03-26 12:18:27,417 - api.routes.predict_routes - INFO - Loading TensorFlow model...
2026-03-26 12:18:33,853 - api.routes.predict_routes - INFO - Model loaded successfully!
2026-03-26 12:18:34,379 - main - INFO - [OK] MySQL Database strictly connected and tables ensured on start.
2026-03-26 12:20:26,496 - db.connection - INFO - MySQL Connection Pool initialized successfully.
2026-03-26 12:20:26,541 - db.connection - INFO - MySQL tables verified and ready.
2026-03-26 12:20:38,503 - api.routes.predict_routes - INFO - Loading TensorFlow model...
2026-03-26 12:20:44,703 - api.routes.predict_routes - INFO - Model loaded successfully!
2026-03-26 12:20:45,140 - main - INFO - [OK] MySQL Database strictly connected and tables ensured on start.
2026-03-26 12:25:25,320 - db.connection - INFO - MySQL Connection Pool initialized successfully.
2026-03-26 12:25:25,356 - db.connection - INFO - MySQL tables verified and ready.
2026-03-26 12:25:37,881 - api.routes.predict_routes - INFO - Loading TensorFlow model...
2026-03-26 12:25:44,807 - api.routes.predict_routes - INFO - Model loaded successfully!
2026-03-26 12:25:45,271 - main - INFO - [OK] MySQL Database strictly connected and tables ensured on start.
2026-03-26 12:35:59,421 - db.connection - INFO - MySQL Connection Pool initialized successfully.
2026-03-26 12:35:59,449 - db.connection - INFO - MySQL tables verified and ready.
2026-03-26 12:36:05,890 - api.routes.predict_routes - INFO - Loading TensorFlow model...
2026-03-26 12:36:08,832 - api.routes.predict_routes - INFO - Model loaded successfully!
2026-03-26 12:36:11,659 - db.connection - INFO - MySQL Connection Pool initialized successfully.
2026-03-26 12:36:11,712 - db.connection - INFO - MySQL tables verified and ready.
2026-03-26 12:36:18,125 - api.routes.predict_routes - INFO - Loading TensorFlow model...
2026-03-26 12:36:21,154 - api.routes.predict_routes - INFO - Model loaded successfully!
2026-03-26 12:36:21,422 - main - INFO - [OK] MySQL Database strictly connected and tables ensured on start.
2026-03-26 12:39:09,534 - db.connection - INFO - MySQL Connection Pool initialized successfully.
2026-03-26 12:39:09,584 - db.connection - INFO - MySQL tables verified and ready.
2026-03-26 12:39:21,499 - api.routes.predict_routes - INFO - Loading TensorFlow model...
2026-03-26 12:39:27,532 - api.routes.predict_routes - INFO - Model loaded successfully!
2026-03-26 12:39:28,025 - main - INFO - [OK] MySQL Database strictly connected and tables ensured on start.
2026-03-26 12:42:51,725 - db.connection - INFO - MySQL Connection Pool initialized successfully.
2026-03-26 12:42:51,754 - db.connection - INFO - MySQL tables verified and ready.
2026-03-26 12:43:03,616 - api.routes.predict_routes - INFO - Loading TensorFlow model...
2026-03-26 12:43:09,789 - api.routes.predict_routes - INFO - Model loaded successfully!
2026-03-26 12:43:10,295 - main - INFO - [OK] MySQL Database strictly connected and tables ensured on start.
2026-03-26 12:43:28,011 - db.connection - INFO - MySQL Connection Pool initialized successfully.
2026-03-26 12:43:28,045 - db.connection - INFO - MySQL tables verified and ready.
2026-03-26 12:43:40,745 - api.routes.predict_routes - INFO - Loading TensorFlow model...
2026-03-26 12:43:46,742 - api.routes.predict_routes - INFO - Model loaded successfully!
2026-03-26 12:43:47,222 - main - INFO - [OK] MySQL Database strictly connected and tables ensured on start.
2026-03-26 12:44:48,109 - db.connection - INFO - MySQL Connection Pool initialized successfully.
2026-03-26 12:44:48,148 - db.connection - INFO - MySQL tables verified and ready.
2026-03-26 12:45:01,244 - api.routes.predict_routes - INFO - Loading TensorFlow model...
2026-03-26 12:45:07,928 - api.routes.predict_routes - INFO - Model loaded successfully!
2026-03-26 12:45:08,433 - main - INFO - [OK] MySQL Database strictly connected and tables ensured on start.
2026-03-26 12:47:59,504 - core.security - ERROR - Missing authorization header
2026-03-26 12:48:37,240 - db.connection - INFO - MySQL Connection Pool initialized successfully.
2026-03-26 12:48:37,266 - db.connection - INFO - MySQL tables verified and ready.
2026-03-26 12:48:49,077 - api.routes.predict_routes - INFO - Loading TensorFlow model...
2026-03-26 12:48:54,866 - api.routes.predict_routes - INFO - Model loaded successfully!
2026-03-26 12:48:55,304 - main - INFO - [OK] MySQL Database strictly connected and tables ensured on start.
2026-03-26 12:49:55,790 - db.connection - INFO - MySQL Connection Pool initialized successfully.
2026-03-26 12:49:55,827 - db.connection - INFO - MySQL tables verified and ready.
2026-03-26 12:50:02,248 - api.routes.predict_routes - INFO - Loading TensorFlow model...
2026-03-26 12:50:05,203 - api.routes.predict_routes - INFO - Model loaded successfully!
2026-03-26 12:50:07,918 - db.connection - INFO - MySQL Connection Pool initialized successfully.
2026-03-26 12:50:07,957 - db.connection - INFO - MySQL tables verified and ready.
2026-03-26 12:50:14,341 - api.routes.predict_routes - INFO - Loading TensorFlow model...
2026-03-26 12:50:17,297 - api.routes.predict_routes - INFO - Model loaded successfully!
2026-03-26 12:50:17,561 - main - INFO - [OK] MySQL Database strictly connected and tables ensured on start.
2026-03-26 12:58:14,927 - db.connection - INFO - MySQL Connection Pool initialized successfully.
2026-03-26 12:58:14,989 - db.connection - INFO - MySQL tables verified and ready.
2026-03-26 12:58:29,122 - api.routes.predict_routes - INFO - Loading TensorFlow model...
2026-03-26 12:58:35,248 - api.routes.predict_routes - INFO - Model loaded successfully!
2026-03-26 12:58:35,739 - main - INFO - [OK] MySQL Database strictly connected and tables ensured on start.
2026-03-26 12:58:52,167 - db.connection - INFO - MySQL Connection Pool initialized successfully.
2026-03-26 12:58:52,237 - db.connection - INFO - MySQL tables verified and ready.
2026-03-26 12:59:03,682 - db.connection - INFO - MySQL Connection Pool initialized successfully.
2026-03-26 12:59:03,731 - db.connection - INFO - MySQL tables verified and ready.
2026-03-26 12:59:18,107 - db.connection - INFO - MySQL Connection Pool initialized successfully.
2026-03-26 12:59:18,132 - db.connection - INFO - MySQL tables verified and ready.
2026-03-26 12:59:27,938 - db.connection - INFO - MySQL Connection Pool initialized successfully.
2026-03-26 12:59:27,977 - db.connection - INFO - MySQL tables verified and ready.
2026-03-26 12:59:42,141 - db.connection - INFO - MySQL Connection Pool initialized successfully.
2026-03-26 12:59:42,184 - db.connection - INFO - MySQL tables verified and ready.
2026-03-26 12:59:54,488 - api.routes.predict_routes - INFO - Loading TensorFlow model...
2026-03-26 13:00:01,751 - db.connection - INFO - MySQL Connection Pool initialized successfully.
2026-03-26 13:00:01,791 - db.connection - INFO - MySQL tables verified and ready.
2026-03-26 13:00:12,751 - db.connection - INFO - MySQL Connection Pool initialized successfully.
2026-03-26 13:00:12,781 - db.connection - INFO - MySQL tables verified and ready.
2026-03-26 13:00:24,981 - api.routes.predict_routes - INFO - Loading TensorFlow model...
2026-03-26 13:00:31,225 - api.routes.predict_routes - INFO - Model loaded successfully!
2026-03-26 13:00:31,740 - main - INFO - [OK] MySQL Database strictly connected and tables ensured on start.
2026-03-26 13:06:35,026 - db.connection - INFO - MySQL Connection Pool initialized successfully.
2026-03-26 13:06:35,072 - db.connection - INFO - MySQL tables verified and ready.
2026-03-26 13:06:42,645 - db.connection - INFO - MySQL Connection Pool initialized successfully.
2026-03-26 13:06:42,684 - db.connection - INFO - MySQL tables verified and ready.
2026-03-26 13:06:49,773 - db.connection - INFO - MySQL Connection Pool initialized successfully.
2026-03-26 13:06:49,798 - db.connection - INFO - MySQL tables verified and ready.
2026-03-26 13:07:03,959 - api.routes.predict_routes - INFO - Loading TensorFlow model...
2026-03-26 13:07:10,827 - api.routes.predict_routes - INFO - Model loaded successfully!
2026-03-26 13:07:11,248 - main - INFO - [OK] MySQL Database strictly connected and tables ensured on start.
2026-03-26 13:11:30,855 - db.connection - INFO - MySQL Connection Pool initialized successfully.
2026-03-26 13:11:30,931 - db.connection - INFO - MySQL tables verified and ready.
2026-03-26 13:11:38,516 - db.connection - INFO - MySQL Connection Pool initialized successfully.
2026-03-26 13:11:38,560 - db.connection - INFO - MySQL tables verified and ready.
2026-03-26 13:11:50,586 - api.routes.predict_routes - INFO - Loading TensorFlow model...
2026-03-26 13:11:56,241 - api.routes.predict_routes - INFO - Model loaded successfully!
2026-03-26 13:11:56,637 - main - INFO - [OK] MySQL Database strictly connected and tables ensured on start.
2026-03-26 13:12:13,639 - db.connection - INFO - MySQL Connection Pool initialized successfully.
2026-03-26 13:12:13,662 - db.connection - INFO - MySQL tables verified and ready.
2026-03-26 13:12:21,928 - db.connection - INFO - MySQL Connection Pool initialized successfully.
2026-03-26 13:12:21,977 - db.connection - INFO - MySQL tables verified and ready.
2026-03-26 13:12:34,666 - api.routes.predict_routes - INFO - Loading TensorFlow model...
2026-03-26 13:12:41,703 - api.routes.predict_routes - INFO - Model loaded successfully!
2026-03-26 13:12:42,125 - main - INFO - [OK] MySQL Database strictly connected and tables ensured on start.
2026-03-27 11:40:56,622 - db.connection - INFO - MySQL Connection Pool initialized successfully.
2026-03-27 11:40:56,735 - db.connection - INFO - MySQL tables verified and ready.
2026-03-27 11:41:09,382 - api.routes.predict_routes - INFO - Loading TensorFlow model...
2026-03-27 11:41:12,927 - api.routes.predict_routes - INFO - Model loaded successfully!
2026-03-27 11:41:16,263 - db.connection - INFO - MySQL Connection Pool initialized successfully.
2026-03-27 11:41:16,297 - db.connection - INFO - MySQL tables verified and ready.
2026-03-27 11:41:22,936 - api.routes.predict_routes - INFO - Loading TensorFlow model...
2026-03-27 11:41:26,397 - api.routes.predict_routes - INFO - Model loaded successfully!
2026-03-27 11:41:26,960 - main - INFO - [OK] MySQL Database strictly connected and tables ensured on start.
2026-03-27 11:59:38,888 - db.connection - INFO - MySQL Connection Pool initialized successfully.
2026-03-27 11:59:38,960 - db.connection - INFO - MySQL tables verified and ready.
2026-03-27 11:59:45,168 - db.connection - INFO - MySQL Connection Pool initialized successfully.
2026-03-27 11:59:45,203 - db.connection - INFO - MySQL tables verified and ready.
2026-03-27 12:00:04,176 - api.routes.predict_routes - INFO - Loading TensorFlow model...
2026-03-27 12:00:04,971 - db.connection - INFO - MySQL Connection Pool initialized successfully.
2026-03-27 12:00:05,012 - db.connection - INFO - MySQL tables verified and ready.
2026-03-27 12:00:12,479 - api.routes.predict_routes - INFO - Model loaded successfully!
2026-03-27 12:00:13,497 - main - INFO - [OK] MySQL Database strictly connected and tables ensured on start.
2026-03-27 12:00:19,849 - db.connection - INFO - MySQL Connection Pool initialized successfully.
2026-03-27 12:00:19,959 - db.connection - INFO - MySQL tables verified and ready.
2026-03-27 12:00:33,573 - api.routes.predict_routes - INFO - Loading TensorFlow model...
2026-03-27 12:00:41,518 - db.connection - INFO - MySQL Connection Pool initialized successfully.
2026-03-27 12:00:41,557 - db.connection - INFO - MySQL tables verified and ready.
2026-03-27 12:00:58,347 - db.connection - INFO - MySQL Connection Pool initialized successfully.
2026-03-27 12:00:58,376 - db.connection - INFO - MySQL tables verified and ready.
2026-03-27 12:01:09,183 - db.connection - INFO - MySQL Connection Pool initialized successfully.
2026-03-27 12:01:09,210 - db.connection - INFO - MySQL tables verified and ready.
2026-03-27 12:01:23,198 - api.routes.predict_routes - INFO - Loading TensorFlow model...
2026-03-27 12:01:27,904 - db.connection - INFO - MySQL Connection Pool initialized successfully.
2026-03-27 12:01:27,938 - db.connection - INFO - MySQL tables verified and ready.
2026-03-27 12:01:42,177 - api.routes.predict_routes - INFO - Loading TensorFlow model...
2026-03-27 12:01:48,953 - db.connection - INFO - MySQL Connection Pool initialized successfully.
2026-03-27 12:01:48,989 - db.connection - INFO - MySQL tables verified and ready.
2026-03-27 12:01:49,876 - api.routes.predict_routes - INFO - Model loaded successfully!
2026-03-27 12:01:50,776 - main - INFO - [OK] MySQL Database strictly connected and tables ensured on start.
2026-03-27 12:02:23,403 - services.communication_service - WARNING - SMTP password not set. Logging OTP for vensipokiya2003@gmail.com: 721662
2026-03-27 12:12:15,849 - services.communication_service - WARNING - SMTP password not set. Logging OTP for vensipokiya2003@gmail.com: 887720
2026-03-27 12:14:15,585 - services.communication_service - WARNING - SMTP password not set. Logging OTP for vensipokiya2003@gmail.com: 594887
2026-03-27 12:14:40,125 - services.communication_service - INFO - MESSENGER OTP for 9327036161: 829410
2026-03-27 12:21:03,588 - db.connection - INFO - MySQL Connection Pool initialized successfully.
2026-03-27 12:21:03,622 - db.connection - INFO - MySQL tables verified and ready.
2026-03-27 12:21:12,063 - api.routes.predict_routes - INFO - Loading TensorFlow model...
2026-03-27 12:21:15,226 - api.routes.predict_routes - INFO - Model loaded successfully!
2026-03-27 12:21:18,440 - db.connection - INFO - MySQL Connection Pool initialized successfully.
2026-03-27 12:21:18,488 - db.connection - INFO - MySQL tables verified and ready.
2026-03-27 12:21:25,353 - api.routes.predict_routes - INFO - Loading TensorFlow model...
2026-03-27 12:21:28,356 - api.routes.predict_routes - INFO - Model loaded successfully!
2026-03-27 12:21:28,773 - main - INFO - [OK] MySQL Database strictly connected and tables ensured on start.
2026-03-27 14:43:24,022 - services.communication_service - WARNING - SMTP password not set. Logging OTP for vensipokiya2003@gmail.com: 356824
2026-03-27 14:53:25,520 - services.communication_service - WARNING - SMTP password not set. Logging OTP for vensipokiya2003@gmail.com: 546786
2026-03-27 14:53:32,853 - services.communication_service - WARNING - SMTP password not set. Logging OTP for vensipokiya2003@gmail.com: 478445
2026-03-27 14:53:41,694 - services.communication_service - INFO - MESSENGER OTP for 9327036161: 383852
2026-03-27 14:58:24,171 - db.connection - INFO - MySQL Connection Pool initialized successfully.
2026-03-27 14:58:24,272 - db.connection - INFO - MySQL tables verified and ready.
2026-03-27 14:58:43,539 - api.routes.predict_routes - INFO - Loading TensorFlow model...
2026-03-27 14:58:50,697 - api.routes.predict_routes - INFO - Model loaded successfully!
2026-03-27 14:58:52,637 - main - INFO - [OK] MySQL Database strictly connected and tables ensured on start.
2026-03-27 15:02:23,135 - services.communication_service - WARNING - SMTP password not set. Logging OTP for vensipokiya2003@gmail.com: 401431
2026-03-27 15:03:24,560 - services.communication_service - WARNING - SMTP password not set. Logging OTP for vensipokiya2003@gmail.com: 399952
2026-03-27 15:04:15,455 - services.communication_service - INFO - MESSENGER OTP for 9327036161: 059372
2026-03-27 15:04:20,953 - services.communication_service - INFO - MESSENGER OTP for 9327036161: 079217
2026-03-27 15:04:26,753 - services.communication_service - WARNING - SMTP password not set. Logging OTP for vensipokiya2003@gmail.com: 911832
2026-03-27 15:04:35,600 - services.communication_service - WARNING - SMTP password not set. Logging OTP for vensipokiya2003@gmail.com: 552126
2026-03-27 15:10:54,081 - db.connection - INFO - MySQL Connection Pool initialized successfully.
2026-03-27 15:10:54,128 - db.connection - INFO - MySQL tables verified and ready.
2026-03-27 15:11:10,490 - api.routes.predict_routes - INFO - Loading TensorFlow model...
2026-03-27 15:11:17,338 - api.routes.predict_routes - INFO - Model loaded successfully!
2026-03-27 15:11:18,269 - main - INFO - [OK] MySQL Database strictly connected and tables ensured on start.
2026-03-27 15:11:51,671 - services.communication_service - WARNING - SMTP password not set. Logging OTP for vensipokiya2003@gmail.com: 599800
2026-03-27 15:13:20,147 - db.connection - INFO - MySQL Connection Pool initialized successfully.
2026-03-27 15:13:20,228 - db.connection - INFO - MySQL tables verified and ready.
2026-03-27 15:13:34,489 - api.routes.predict_routes - INFO - Loading TensorFlow model...
2026-03-27 15:13:40,872 - api.routes.predict_routes - INFO - Model loaded successfully!
2026-03-27 15:13:41,598 - main - INFO - [OK] MySQL Database strictly connected and tables ensured on start.
2026-03-27 15:13:41,656 - services.communication_service - INFO - MESSENGER OTP for 9327036161: 681099
2026-03-27 15:20:15,660 - services.communication_service - INFO - MESSENGER OTP for 9327036161: 861212
2026-03-27 15:20:22,021 - services.communication_service - WARNING - SMTP password not set. Logging OTP for vensipokiya2003@gmail.com: 967189
2026-03-27 15:21:51,956 - services.communication_service - WARNING - SMTP password not set. Logging OTP for vensipokiya2003@gmail.com: 992586
2026-03-27 15:22:00,505 - services.communication_service - WARNING - SMTP password not set. Logging OTP for vensipokiya2003@gmail.com: 231390
2026-03-27 15:22:38,171 - services.communication_service - WARNING - SMTP password not set. Logging OTP for vensipokiya2003@gmail.com: 210472
2026-03-27 15:23:00,088 - services.communication_service - INFO - MESSENGER OTP for 9327036161: 021936
2026-03-27 15:25:04,796 - services.communication_service - INFO - MESSENGER OTP for 9327036161: 542974
2026-03-27 15:25:26,474 - services.communication_service - WARNING - SMTP password not set. Logging OTP for vensipokiya2003@gmail.com: 274980
2026-03-27 15:40:19,566 - db.connection - INFO - MySQL Connection Pool initialized successfully.
2026-03-27 15:40:19,663 - db.connection - INFO - MySQL tables verified and ready.
2026-03-27 15:40:38,181 - api.routes.predict_routes - INFO - Loading TensorFlow model...
2026-03-27 15:40:45,172 - api.routes.predict_routes - INFO - Model loaded successfully!
2026-03-27 15:40:46,910 - main - INFO - [OK] MySQL Database strictly connected and tables ensured on start.
2026-03-27 16:02:10,516 - db.connection - INFO - MySQL Connection Pool initialized successfully.
2026-03-27 16:02:10,634 - db.connection - INFO - MySQL tables verified and ready.
2026-03-27 16:02:28,695 - api.routes.predict_routes - INFO - Loading TensorFlow model...
2026-03-27 16:02:36,282 - api.routes.predict_routes - INFO - Model loaded successfully!
2026-03-27 16:02:37,221 - main - INFO - [OK] MySQL Database strictly connected and tables ensured on start.
2026-03-27 16:06:54,874 - db.connection - INFO - MySQL Connection Pool initialized successfully.
2026-03-27 16:06:54,942 - db.connection - INFO - MySQL tables verified and ready.
2026-03-27 16:07:09,787 - api.routes.predict_routes - INFO - Loading TensorFlow model...
2026-03-27 16:07:16,324 - api.routes.predict_routes - INFO - Model loaded successfully!
2026-03-27 16:07:17,147 - main - INFO - [OK] MySQL Database strictly connected and tables ensured on start.
2026-03-29 16:56:26,449 - db.connection - INFO - MySQL Connection Pool initialized successfully.
2026-03-29 16:56:26,634 - db.connection - INFO - MySQL tables verified and ready.
2026-03-29 16:56:39,880 - api.routes.predict_routes - INFO - Loading TensorFlow model...
2026-03-29 16:56:44,040 - api.routes.predict_routes - INFO - Model loaded successfully!
2026-03-29 16:56:48,277 - db.connection - INFO - MySQL Connection Pool initialized successfully.
2026-03-29 16:56:48,362 - db.connection - INFO - MySQL tables verified and ready.
2026-03-29 16:56:55,406 - api.routes.predict_routes - INFO - Loading TensorFlow model...
2026-03-29 16:56:59,358 - api.routes.predict_routes - INFO - Model loaded successfully!
2026-03-29 16:57:00,075 - main - INFO - [OK] MySQL Database strictly connected and tables ensured on start.
2026-03-29 16:59:08,675 - db.connection - INFO - MySQL Connection Pool initialized successfully.
2026-03-29 16:59:08,762 - db.connection - INFO - MySQL tables verified and ready.
2026-03-29 16:59:30,141 - api.routes.predict_routes - INFO - Loading TensorFlow model...
2026-03-29 16:59:38,191 - db.connection - INFO - MySQL Connection Pool initialized successfully.
2026-03-29 16:59:38,268 - db.connection - INFO - MySQL tables verified and ready.
2026-03-29 17:00:00,816 - db.connection - INFO - MySQL Connection Pool initialized successfully.
2026-03-29 17:00:00,899 - db.connection - INFO - MySQL tables verified and ready.
2026-03-29 17:00:19,521 - api.routes.predict_routes - INFO - Loading TensorFlow model...
2026-03-29 17:00:31,038 - api.routes.predict_routes - INFO - Model loaded successfully!
2026-03-29 17:00:32,768 - main - INFO - [OK] MySQL Database strictly connected and tables ensured on start.
2026-03-29 17:19:30,342 - db.connection - INFO - MySQL Connection Pool initialized successfully.
2026-03-29 17:19:30,486 - db.connection - INFO - MySQL tables verified and ready.
2026-03-29 17:19:57,290 - api.routes.predict_routes - INFO - Loading TensorFlow model...
2026-03-29 17:20:08,638 - api.routes.predict_routes - INFO - Model loaded successfully!
2026-03-29 17:20:10,456 - main - INFO - [OK] MySQL Database strictly connected and tables ensured on start.
2026-03-29 17:21:07,406 - db.connection - INFO - MySQL Connection Pool initialized successfully.
2026-03-29 17:21:07,484 - db.connection - INFO - MySQL tables verified and ready.
2026-03-29 17:21:28,720 - api.routes.predict_routes - INFO - Loading TensorFlow model...
2026-03-29 17:21:39,741 - api.routes.predict_routes - INFO - Model loaded successfully!
2026-03-29 17:21:40,859 - main - INFO - [OK] MySQL Database strictly connected and tables ensured on start.
