2026-03-30 11:37:06,038 - backend.db.connection - INFO - Initializing MySQL connection pool to localhost:3307
2026-03-30 11:37:06,530 - backend.db.connection - ERROR - Failed to create MySQL pool: 1045 (28000): Access denied for user 'root'@'localhost' (using password: YES)
2026-03-30 11:37:06,988 - __main__ - WARNING - Static assets directory not found at C:\Users\KC\Downloads\Skin Disease UI\frontend\assets. Skipping mount.
2026-03-30 11:37:08,499 - backend.db.connection - INFO - Initializing MySQL connection pool to localhost:3307
2026-03-30 11:37:08,838 - backend.db.connection - ERROR - Failed to create MySQL pool: 1045 (28000): Access denied for user 'root'@'localhost' (using password: YES)
2026-03-30 11:37:09,074 - __mp_main__ - WARNING - Static assets directory not found at C:\Users\KC\Downloads\Skin Disease UI\frontend\assets. Skipping mount.
2026-03-30 11:37:09,166 - backend.main - WARNING - Static assets directory not found at C:\Users\KC\Downloads\Skin Disease UI\frontend\assets. Skipping mount.
2026-03-30 11:37:09,168 - backend.db.connection - ERROR - No active connection pool found. Re-initializing...
2026-03-30 11:37:09,168 - backend.db.connection - INFO - Initializing MySQL connection pool to localhost:3307
2026-03-30 11:37:09,468 - backend.db.connection - ERROR - Failed to create MySQL pool: 1045 (28000): Access denied for user 'root'@'localhost' (using password: YES)
2026-03-30 11:37:09,468 - backend.main - WARNING - [WARNING] MySQL initialization failed. Make sure DB is running.
2026-03-30 11:38:30,233 - backend.db.connection - ERROR - No active connection pool found. Re-initializing...
2026-03-30 11:38:30,233 - backend.db.connection - INFO - Initializing MySQL connection pool to localhost:3307
2026-03-30 11:38:31,048 - backend.db.connection - ERROR - Failed to create MySQL pool: 1045 (28000): Access denied for user 'root'@'localhost' (using password: YES)
2026-03-30 11:38:31,958 - backend.db.connection - ERROR - No active connection pool found. Re-initializing...
2026-03-30 11:38:31,958 - backend.db.connection - INFO - Initializing MySQL connection pool to localhost:3307
2026-03-30 11:38:32,952 - backend.db.connection - ERROR - Failed to create MySQL pool: 1045 (28000): Access denied for user 'root'@'localhost' (using password: YES)
2026-03-30 14:29:44,495 - backend.db.connection - INFO - Initializing MySQL connection pool to localhost:3306
2026-03-30 14:29:45,155 - backend.db.connection - INFO - Successfully established MySQL connection pool.
2026-03-30 14:29:45,730 - backend.db.connection - INFO - All MySQL database tables and migrations are synchronized.
2026-03-30 14:29:45,769 - backend.db.connection - INFO - All MySQL database tables and migrations are synchronized.
2026-03-30 14:30:23,131 - backend.db.connection - INFO - Initializing MySQL connection pool to localhost:3306
2026-03-30 14:30:23,945 - backend.db.connection - INFO - Successfully established MySQL connection pool.
2026-03-30 14:30:23,978 - backend.db.connection - INFO - All MySQL database tables and migrations are synchronized.
2026-03-30 14:30:26,275 - __main__ - WARNING - Static assets directory not found at C:\Users\KC\Downloads\Skin Disease UI\frontend\assets. Skipping mount.
2026-03-30 14:30:27,855 - backend.db.connection - INFO - Initializing MySQL connection pool to localhost:3306
2026-03-30 14:30:28,512 - backend.db.connection - INFO - Successfully established MySQL connection pool.
2026-03-30 14:30:28,547 - backend.db.connection - INFO - All MySQL database tables and migrations are synchronized.
2026-03-30 14:30:28,702 - __mp_main__ - WARNING - Static assets directory not found at C:\Users\KC\Downloads\Skin Disease UI\frontend\assets. Skipping mount.
2026-03-30 14:30:28,866 - backend.main - WARNING - Static assets directory not found at C:\Users\KC\Downloads\Skin Disease UI\frontend\assets. Skipping mount.
2026-03-30 14:30:28,869 - backend.main - INFO - [OK] MySQL Database strictly connected and tables ensured on start.
2026-03-30 14:32:11,094 - backend.db.connection - INFO - Initializing MySQL connection pool to localhost:3306
2026-03-30 14:32:13,654 - backend.db.connection - INFO - Successfully established MySQL connection pool.
2026-03-30 14:32:13,709 - backend.db.connection - INFO - All MySQL database tables and migrations are synchronized.
2026-03-30 14:32:14,077 - __main__ - WARNING - Static assets directory not found at C:\Users\KC\Downloads\Skin Disease UI\frontend\assets. Skipping mount.
2026-03-30 14:32:15,410 - backend.db.connection - INFO - Initializing MySQL connection pool to localhost:3306
2026-03-30 14:32:17,853 - backend.db.connection - INFO - Successfully established MySQL connection pool.
2026-03-30 14:32:17,890 - backend.db.connection - INFO - All MySQL database tables and migrations are synchronized.
2026-03-30 14:32:18,090 - __mp_main__ - WARNING - Static assets directory not found at C:\Users\KC\Downloads\Skin Disease UI\frontend\assets. Skipping mount.
2026-03-30 14:32:18,188 - backend.main - WARNING - Static assets directory not found at C:\Users\KC\Downloads\Skin Disease UI\frontend\assets. Skipping mount.
2026-03-30 14:32:18,190 - backend.main - INFO - [OK] MySQL Database strictly connected and tables ensured on start.
2026-03-30 14:37:26,307 - backend.db.connection - INFO - Initializing MySQL connection pool to localhost:3306
2026-03-30 14:37:29,857 - backend.db.connection - INFO - Successfully established MySQL connection pool.
2026-03-30 14:37:29,905 - backend.db.connection - INFO - All MySQL database tables and migrations are synchronized.
2026-03-30 14:37:46,602 - __mp_main__ - WARNING - Static assets directory not found at C:\Users\KC\Downloads\Skin Disease UI\frontend\assets. Skipping mount.
2026-03-30 14:37:46,718 - backend.main - WARNING - Static assets directory not found at C:\Users\KC\Downloads\Skin Disease UI\frontend\assets. Skipping mount.
2026-03-30 14:37:46,725 - backend.main - INFO - [OK] MySQL Database strictly connected and tables ensured on start.
2026-03-30 14:39:42,601 - backend.db.connection - INFO - Initializing MySQL connection pool to localhost:3306
2026-03-30 14:39:43,304 - backend.db.connection - INFO - Successfully established MySQL connection pool.
2026-03-30 14:39:43,370 - backend.db.connection - INFO - All MySQL database tables and migrations are synchronized.
2026-03-30 14:40:53,160 - __mp_main__ - WARNING - Static assets directory not found at C:\Users\KC\Downloads\Skin Disease UI\frontend\assets. Skipping mount.
2026-03-30 14:40:53,317 - backend.main - WARNING - Static assets directory not found at C:\Users\KC\Downloads\Skin Disease UI\frontend\assets. Skipping mount.
2026-03-30 14:40:53,320 - backend.main - INFO - [OK] MySQL Database strictly connected and tables ensured on start.
2026-03-30 14:43:10,054 - backend.db.connection - INFO - Initializing MySQL connection pool to localhost:3306
2026-03-30 14:43:13,655 - backend.db.connection - INFO - Successfully established MySQL connection pool.
2026-03-30 14:43:13,705 - backend.db.connection - INFO - All MySQL database tables and migrations are synchronized.
2026-03-30 14:43:27,129 - __mp_main__ - WARNING - Static assets directory not found at C:\Users\KC\Downloads\Skin Disease UI\frontend\assets. Skipping mount.
2026-03-30 14:43:27,257 - backend.main - WARNING - Static assets directory not found at C:\Users\KC\Downloads\Skin Disease UI\frontend\assets. Skipping mount.
2026-03-30 14:43:27,263 - backend.main - INFO - [OK] MySQL Database strictly connected and tables ensured on start.
2026-03-30 14:50:44,048 - backend.db.connection - INFO - Initializing MySQL connection pool to localhost:3306
2026-03-30 14:50:47,838 - backend.db.connection - INFO - Successfully established MySQL connection pool.
2026-03-30 14:50:47,892 - backend.db.connection - INFO - All MySQL database tables and migrations are synchronized.
2026-03-30 14:51:01,176 - __mp_main__ - WARNING - Static assets directory not found at C:\Users\KC\Downloads\Skin Disease UI\frontend\assets. Skipping mount.
2026-03-30 14:51:01,294 - backend.main - WARNING - Static assets directory not found at C:\Users\KC\Downloads\Skin Disease UI\frontend\assets. Skipping mount.
2026-03-30 14:51:01,294 - backend.main - INFO - [OK] MySQL Database strictly connected and tables ensured on start.
2026-03-30 14:51:18,351 - backend.db.connection - INFO - Initializing MySQL connection pool to localhost:3306
2026-03-30 14:51:20,892 - backend.db.connection - INFO - Successfully established MySQL connection pool.
2026-03-30 14:51:20,968 - backend.db.connection - INFO - All MySQL database tables and migrations are synchronized.
2026-03-30 14:51:27,638 - __main__ - WARNING - Static assets directory not found at C:\Users\KC\Downloads\Skin Disease UI\frontend\assets. Skipping mount.
2026-03-30 14:51:29,041 - backend.db.connection - INFO - Initializing MySQL connection pool to localhost:3306
2026-03-30 14:51:31,547 - backend.db.connection - INFO - Successfully established MySQL connection pool.
2026-03-30 14:51:31,582 - backend.db.connection - INFO - All MySQL database tables and migrations are synchronized.
2026-03-30 14:51:37,888 - __mp_main__ - WARNING - Static assets directory not found at C:\Users\KC\Downloads\Skin Disease UI\frontend\assets. Skipping mount.
2026-03-30 14:51:37,942 - backend.main - WARNING - Static assets directory not found at C:\Users\KC\Downloads\Skin Disease UI\frontend\assets. Skipping mount.
2026-03-30 14:51:37,945 - backend.main - INFO - [OK] MySQL Database strictly connected and tables ensured on start.
2026-03-30 14:54:41,919 - backend.db.connection - INFO - Initializing MySQL connection pool to localhost:3306
2026-03-30 14:54:45,401 - backend.db.connection - INFO - Successfully established MySQL connection pool.
2026-03-30 14:54:45,469 - backend.db.connection - INFO - All MySQL database tables and migrations are synchronized.
2026-03-30 14:54:57,192 - __mp_main__ - WARNING - Static assets directory not found at C:\Users\KC\Downloads\Skin Disease UI\frontend\assets. Skipping mount.
2026-03-30 14:54:57,329 - backend.main - WARNING - Static assets directory not found at C:\Users\KC\Downloads\Skin Disease UI\frontend\assets. Skipping mount.
2026-03-30 14:54:57,338 - backend.main - INFO - [OK] MySQL Database strictly connected and tables ensured on start.
2026-03-30 14:55:51,182 - backend.db.connection - INFO - Initializing MySQL connection pool to localhost:3306
2026-03-30 14:55:53,595 - backend.db.connection - INFO - Successfully established MySQL connection pool.
2026-03-30 14:55:53,629 - backend.db.connection - INFO - All MySQL database tables and migrations are synchronized.
2026-03-30 14:55:59,645 - __main__ - WARNING - Static assets directory not found at C:\Users\KC\Downloads\Skin Disease UI\frontend\assets. Skipping mount.
2026-03-30 14:56:00,916 - backend.db.connection - INFO - Initializing MySQL connection pool to localhost:3306
2026-03-30 14:56:03,360 - backend.db.connection - INFO - Successfully established MySQL connection pool.
2026-03-30 14:56:03,416 - backend.db.connection - INFO - All MySQL database tables and migrations are synchronized.
2026-03-30 14:56:09,485 - __mp_main__ - WARNING - Static assets directory not found at C:\Users\KC\Downloads\Skin Disease UI\frontend\assets. Skipping mount.
2026-03-30 14:56:09,542 - backend.main - WARNING - Static assets directory not found at C:\Users\KC\Downloads\Skin Disease UI\frontend\assets. Skipping mount.
2026-03-30 14:56:09,545 - backend.main - INFO - [OK] MySQL Database strictly connected and tables ensured on start.
2026-03-30 15:06:54,818 - backend.db.connection - INFO - Initializing MySQL connection pool to localhost:3306
2026-03-30 15:06:55,703 - backend.db.connection - INFO - Successfully established MySQL connection pool.
2026-03-30 15:06:56,687 - backend.db.connection - INFO - All MySQL database tables and migrations are synchronized.
2026-03-30 15:08:07,584 - backend.db.connection - INFO - Initializing MySQL connection pool to localhost:3306
2026-03-30 15:08:14,519 - backend.db.connection - INFO - Successfully established MySQL connection pool.
2026-03-30 15:08:14,561 - backend.db.connection - INFO - All MySQL database tables and migrations are synchronized.
2026-03-30 15:08:40,510 - __mp_main__ - WARNING - Static assets directory not found at C:\Users\KC\Downloads\Skin Disease UI\frontend\assets. Skipping mount.
2026-03-30 15:08:40,845 - backend.main - WARNING - Static assets directory not found at C:\Users\KC\Downloads\Skin Disease UI\frontend\assets. Skipping mount.
2026-03-30 15:08:40,850 - backend.main - INFO - [OK] MySQL Database strictly connected and tables ensured on start.
2026-03-30 15:09:33,837 - backend.db.connection - INFO - Initializing MySQL connection pool to localhost:3306
2026-03-30 15:09:34,606 - backend.db.connection - INFO - Successfully established MySQL connection pool.
2026-03-30 15:09:34,712 - backend.db.connection - INFO - All MySQL database tables and migrations are synchronized.
2026-03-30 15:10:52,531 - backend.db.connection - INFO - Initializing MySQL connection pool to localhost:3306
2026-03-30 15:10:54,979 - backend.db.connection - INFO - Successfully established MySQL connection pool.
2026-03-30 15:10:55,016 - backend.db.connection - INFO - All MySQL database tables and migrations are synchronized.
2026-03-30 15:11:06,716 - __main__ - WARNING - Static assets directory not found at C:\Users\KC\Downloads\Skin Disease UI\frontend\assets. Skipping mount.
2026-03-30 15:11:08,150 - backend.db.connection - INFO - Initializing MySQL connection pool to localhost:3306
2026-03-30 15:11:10,696 - backend.db.connection - INFO - Successfully established MySQL connection pool.
2026-03-30 15:11:10,745 - backend.db.connection - INFO - All MySQL database tables and migrations are synchronized.
2026-03-30 15:11:19,684 - __mp_main__ - WARNING - Static assets directory not found at C:\Users\KC\Downloads\Skin Disease UI\frontend\assets. Skipping mount.
2026-03-30 15:11:19,925 - backend.main - WARNING - Static assets directory not found at C:\Users\KC\Downloads\Skin Disease UI\frontend\assets. Skipping mount.
2026-03-30 15:11:19,929 - backend.main - INFO - [OK] MySQL Database strictly connected and tables ensured on start.
