2026-03-31 10:40:03,489 - backend.db.connection - INFO - Initializing MySQL connection pool to localhost:3306
2026-03-31 10:40:07,253 - backend.db.connection - INFO - Successfully established MySQL connection pool.
2026-03-31 10:40:07,292 - backend.db.connection - INFO - All MySQL database tables and migrations are synchronized.
2026-03-31 10:40:24,960 - __main__ - WARNING - Static assets directory not found at C:\Users\KC\Downloads\Skin Disease UI\frontend\assets. Skipping mount.
2026-03-31 10:40:26,984 - backend.db.connection - INFO - Initializing MySQL connection pool to localhost:3306
2026-03-31 10:40:30,745 - backend.db.connection - INFO - Successfully established MySQL connection pool.
2026-03-31 10:40:30,789 - backend.db.connection - INFO - All MySQL database tables and migrations are synchronized.
2026-03-31 10:40:43,608 - __mp_main__ - WARNING - Static assets directory not found at C:\Users\KC\Downloads\Skin Disease UI\frontend\assets. Skipping mount.
2026-03-31 10:40:44,336 - backend.main - WARNING - Static assets directory not found at C:\Users\KC\Downloads\Skin Disease UI\frontend\assets. Skipping mount.
2026-03-31 10:40:44,339 - backend.main - INFO - [OK] MySQL Database strictly connected and tables ensured on start.
2026-03-31 11:01:55,575 - backend.db.connection - INFO - Initializing MySQL connection pool to localhost:3306
2026-03-31 11:02:02,476 - backend.db.connection - INFO - Successfully established MySQL connection pool.
2026-03-31 11:02:02,585 - backend.db.connection - INFO - All MySQL database tables and migrations are synchronized.
2026-03-31 11:02:34,976 - __mp_main__ - WARNING - Static assets directory not found at C:\Users\KC\Downloads\Skin Disease UI\frontend\assets. Skipping mount.
2026-03-31 11:02:35,511 - backend.main - WARNING - Static assets directory not found at C:\Users\KC\Downloads\Skin Disease UI\frontend\assets. Skipping mount.
2026-03-31 11:02:35,518 - backend.main - INFO - [OK] MySQL Database strictly connected and tables ensured on start.
2026-03-31 11:04:16,921 - backend.db.connection - INFO - Initializing MySQL connection pool to localhost:3306
2026-03-31 11:04:21,765 - backend.db.connection - INFO - Successfully established MySQL connection pool.
2026-03-31 11:04:21,839 - backend.db.connection - INFO - All MySQL database tables and migrations are synchronized.
2026-03-31 11:04:50,455 - __mp_main__ - WARNING - Static assets directory not found at C:\Users\KC\Downloads\Skin Disease UI\frontend\assets. Skipping mount.
2026-03-31 11:04:50,928 - backend.main - WARNING - Static assets directory not found at C:\Users\KC\Downloads\Skin Disease UI\frontend\assets. Skipping mount.
2026-03-31 11:04:50,942 - backend.main - INFO - [OK] MySQL Database strictly connected and tables ensured on start.
2026-03-31 11:04:56,484 - backend.db.connection - INFO - Initializing MySQL connection pool to localhost:3306
2026-03-31 11:05:01,522 - backend.db.connection - INFO - Successfully established MySQL connection pool.
2026-03-31 11:05:01,607 - backend.db.connection - INFO - All MySQL database tables and migrations are synchronized.
2026-03-31 11:05:19,605 - backend.db.connection - INFO - Initializing MySQL connection pool to localhost:3306
2026-03-31 11:05:24,851 - backend.db.connection - INFO - Successfully established MySQL connection pool.
2026-03-31 11:05:24,921 - backend.db.connection - INFO - All MySQL database tables and migrations are synchronized.
2026-03-31 11:05:54,881 - __mp_main__ - WARNING - Static assets directory not found at C:\Users\KC\Downloads\Skin Disease UI\frontend\assets. Skipping mount.
2026-03-31 11:05:55,357 - backend.main - WARNING - Static assets directory not found at C:\Users\KC\Downloads\Skin Disease UI\frontend\assets. Skipping mount.
2026-03-31 11:05:55,368 - backend.main - INFO - [OK] MySQL Database strictly connected and tables ensured on start.
